BraTS-MEN-RT-0002-1
BraTS-MEN-RT-0003-1
BraTS-MEN-RT-0004-1
BraTS-MEN-RT-0006-1
BraTS-MEN-RT-0007-1
BraTS-MEN-RT-0009-1
BraTS-MEN-RT-0015-1
BraTS-MEN-RT-0016-1
BraTS-MEN-RT-0017-1
BraTS-MEN-RT-0018-1
BraTS-MEN-RT-0023-1
BraTS-MEN-RT-0024-1
BraTS-MEN-RT-0026-1
BraTS-MEN-RT-0029-1
BraTS-MEN-RT-0030-1
BraTS-MEN-RT-0031-1
BraTS-MEN-RT-0033-1
BraTS-MEN-RT-0035-1
BraTS-MEN-RT-0037-1
BraTS-MEN-RT-0044-1
BraTS-MEN-RT-0046-1
BraTS-MEN-RT-0048-1
BraTS-MEN-RT-0051-1
BraTS-MEN-RT-0052-1
BraTS-MEN-RT-0054-1
BraTS-MEN-RT-0055-1
BraTS-MEN-RT-0056-1
BraTS-MEN-RT-0057-1
BraTS-MEN-RT-0058-1
BraTS-MEN-RT-0059-1
BraTS-MEN-RT-0060-1
BraTS-MEN-RT-0062-1
BraTS-MEN-RT-0063-1
BraTS-MEN-RT-0064-1
BraTS-MEN-RT-0065-1
BraTS-MEN-RT-0066-1
BraTS-MEN-RT-0067-1
BraTS-MEN-RT-0069-1
BraTS-MEN-RT-0070-1
BraTS-MEN-RT-0071-1
BraTS-MEN-RT-0072-1
BraTS-MEN-RT-0073-1
BraTS-MEN-RT-0074-1
BraTS-MEN-RT-0076-1
BraTS-MEN-RT-0077-1
BraTS-MEN-RT-0078-1
BraTS-MEN-RT-0079-1
BraTS-MEN-RT-0080-1
BraTS-MEN-RT-0081-1
BraTS-MEN-RT-0082-1
BraTS-MEN-RT-0084-1
BraTS-MEN-RT-0085-1
BraTS-MEN-RT-0088-1
BraTS-MEN-RT-0089-1
BraTS-MEN-RT-0091-1
BraTS-MEN-RT-0093-1
BraTS-MEN-RT-0094-1
BraTS-MEN-RT-0097-1
BraTS-MEN-RT-0099-1
BraTS-MEN-RT-0101-1
BraTS-MEN-RT-0102-1
BraTS-MEN-RT-0103-1
BraTS-MEN-RT-0104-1
BraTS-MEN-RT-0105-1
BraTS-MEN-RT-0106-1
BraTS-MEN-RT-0107-1
BraTS-MEN-RT-0110-1
BraTS-MEN-RT-0112-1
BraTS-MEN-RT-0113-1
BraTS-MEN-RT-0114-1
BraTS-MEN-RT-0116-1
BraTS-MEN-RT-0117-1
BraTS-MEN-RT-0119-1
BraTS-MEN-RT-0120-1
BraTS-MEN-RT-0122-1
BraTS-MEN-RT-0124-1
BraTS-MEN-RT-0125-1
BraTS-MEN-RT-0126-1
BraTS-MEN-RT-0127-1
BraTS-MEN-RT-0128-1
BraTS-MEN-RT-0129-1
BraTS-MEN-RT-0130-1
BraTS-MEN-RT-0131-1
BraTS-MEN-RT-0132-1
BraTS-MEN-RT-0134-1
BraTS-MEN-RT-0136-1
BraTS-MEN-RT-0137-1
BraTS-MEN-RT-0140-1
BraTS-MEN-RT-0141-1
BraTS-MEN-RT-0142-1
BraTS-MEN-RT-0143-1
BraTS-MEN-RT-0144-1
BraTS-MEN-RT-0146-1
BraTS-MEN-RT-0147-1
BraTS-MEN-RT-0148-1
BraTS-MEN-RT-0149-1
BraTS-MEN-RT-0150-1
BraTS-MEN-RT-0151-1
BraTS-MEN-RT-0153-1
BraTS-MEN-RT-0154-1
BraTS-MEN-RT-0155-1
BraTS-MEN-RT-0156-1
BraTS-MEN-RT-0157-1
BraTS-MEN-RT-0158-1
BraTS-MEN-RT-0159-1
BraTS-MEN-RT-0160-1
BraTS-MEN-RT-0161-1
BraTS-MEN-RT-0166-1
BraTS-MEN-RT-0167-1
BraTS-MEN-RT-0168-1
BraTS-MEN-RT-0171-1
BraTS-MEN-RT-0173-1
BraTS-MEN-RT-0174-1
BraTS-MEN-RT-0175-1
BraTS-MEN-RT-0176-1
BraTS-MEN-RT-0177-1
BraTS-MEN-RT-0178-1
BraTS-MEN-RT-0179-1
BraTS-MEN-RT-0180-1
BraTS-MEN-RT-0181-1
BraTS-MEN-RT-0184-1
BraTS-MEN-RT-0185-1
BraTS-MEN-RT-0188-1
BraTS-MEN-RT-0189-1
BraTS-MEN-RT-0190-1
BraTS-MEN-RT-0191-1
BraTS-MEN-RT-0192-1
BraTS-MEN-RT-0193-1
BraTS-MEN-RT-0196-1
BraTS-MEN-RT-0197-1
BraTS-MEN-RT-0198-1
BraTS-MEN-RT-0199-1
BraTS-MEN-RT-0200-1
BraTS-MEN-RT-0202-1
BraTS-MEN-RT-0203-1
BraTS-MEN-RT-0206-1
BraTS-MEN-RT-0208-1
BraTS-MEN-RT-0209-1
BraTS-MEN-RT-0210-1
BraTS-MEN-RT-0211-1
BraTS-MEN-RT-0212-1
BraTS-MEN-RT-0215-1
BraTS-MEN-RT-0216-1
BraTS-MEN-RT-0217-1
BraTS-MEN-RT-0220-1
BraTS-MEN-RT-0221-1
BraTS-MEN-RT-0222-1
BraTS-MEN-RT-0223-1
BraTS-MEN-RT-0224-1
BraTS-MEN-RT-0225-1
BraTS-MEN-RT-0226-1
BraTS-MEN-RT-0227-1
BraTS-MEN-RT-0229-1
BraTS-MEN-RT-0230-1
BraTS-MEN-RT-0232-1
BraTS-MEN-RT-0234-1
BraTS-MEN-RT-0235-1
BraTS-MEN-RT-0236-1
BraTS-MEN-RT-0241-1
BraTS-MEN-RT-0247-1
BraTS-MEN-RT-0249-1
BraTS-MEN-RT-0250-1
BraTS-MEN-RT-0251-1
BraTS-MEN-RT-0252-1
BraTS-MEN-RT-0255-1
BraTS-MEN-RT-0257-1
BraTS-MEN-RT-0258-1
BraTS-MEN-RT-0260-1
BraTS-MEN-RT-0263-1
BraTS-MEN-RT-0268-1
BraTS-MEN-RT-0270-1
BraTS-MEN-RT-0271-1
BraTS-MEN-RT-0273-1
BraTS-MEN-RT-0274-1
BraTS-MEN-RT-0275-1
BraTS-MEN-RT-0280-1
BraTS-MEN-RT-0281-1
BraTS-MEN-RT-0282-1
BraTS-MEN-RT-0283-1
BraTS-MEN-RT-0284-1
BraTS-MEN-RT-0286-1
BraTS-MEN-RT-0289-1
BraTS-MEN-RT-0290-1
BraTS-MEN-RT-0294-1
BraTS-MEN-RT-0295-1
BraTS-MEN-RT-0297-1
BraTS-MEN-RT-0298-1
BraTS-MEN-RT-0299-1
BraTS-MEN-RT-0300-1
BraTS-MEN-RT-0301-1
BraTS-MEN-RT-0302-1
BraTS-MEN-RT-0303-1
BraTS-MEN-RT-0305-1
BraTS-MEN-RT-0306-1
BraTS-MEN-RT-0309-1
BraTS-MEN-RT-0310-1
BraTS-MEN-RT-0311-1
BraTS-MEN-RT-0312-1
BraTS-MEN-RT-0313-1
BraTS-MEN-RT-0314-1
BraTS-MEN-RT-0315-1
BraTS-MEN-RT-0316-1
BraTS-MEN-RT-0317-1
BraTS-MEN-RT-0318-1
BraTS-MEN-RT-0319-1
BraTS-MEN-RT-0321-1
BraTS-MEN-RT-0322-1
BraTS-MEN-RT-0325-1
BraTS-MEN-RT-0326-1
BraTS-MEN-RT-0330-1
BraTS-MEN-RT-0332-1
BraTS-MEN-RT-0335-1
BraTS-MEN-RT-0336-1
BraTS-MEN-RT-0338-1
BraTS-MEN-RT-0339-1
BraTS-MEN-RT-0340-1
BraTS-MEN-RT-0342-1
BraTS-MEN-RT-0344-1
BraTS-MEN-RT-0347-1
BraTS-MEN-RT-0350-1
BraTS-MEN-RT-0351-1
BraTS-MEN-RT-0354-1
BraTS-MEN-RT-0355-1
BraTS-MEN-RT-0356-1
BraTS-MEN-RT-0358-1
BraTS-MEN-RT-0360-1
BraTS-MEN-RT-0361-1
BraTS-MEN-RT-0363-1
BraTS-MEN-RT-0365-1
BraTS-MEN-RT-0369-1
BraTS-MEN-RT-0370-1
BraTS-MEN-RT-0372-1
BraTS-MEN-RT-0373-1
BraTS-MEN-RT-0374-1
BraTS-MEN-RT-0375-1
BraTS-MEN-RT-0377-1
BraTS-MEN-RT-0378-1
BraTS-MEN-RT-0380-1
BraTS-MEN-RT-0382-1
BraTS-MEN-RT-0383-1
BraTS-MEN-RT-0384-1
BraTS-MEN-RT-0387-1
BraTS-MEN-RT-0388-1
BraTS-MEN-RT-0390-1
BraTS-MEN-RT-0391-1
BraTS-MEN-RT-0392-1
BraTS-MEN-RT-0393-1
BraTS-MEN-RT-0394-1
BraTS-MEN-RT-0395-1
BraTS-MEN-RT-0397-1
BraTS-MEN-RT-0400-1
BraTS-MEN-RT-0401-1
BraTS-MEN-RT-0402-1
BraTS-MEN-RT-0405-1
BraTS-MEN-RT-0406-1
BraTS-MEN-RT-0409-1
BraTS-MEN-RT-0410-1
BraTS-MEN-RT-0411-1
BraTS-MEN-RT-0412-1
BraTS-MEN-RT-0413-1
BraTS-MEN-RT-0414-1
BraTS-MEN-RT-0415-1
BraTS-MEN-RT-0418-1
BraTS-MEN-RT-0419-1
BraTS-MEN-RT-0420-1
BraTS-MEN-RT-0421-1
BraTS-MEN-RT-0422-1
BraTS-MEN-RT-0423-1
BraTS-MEN-RT-0424-1
BraTS-MEN-RT-0425-1
BraTS-MEN-RT-0426-1
BraTS-MEN-RT-0429-1
BraTS-MEN-RT-0430-1
BraTS-MEN-RT-0431-1
BraTS-MEN-RT-0433-1
BraTS-MEN-RT-0434-1
BraTS-MEN-RT-0436-1
BraTS-MEN-RT-0438-1
BraTS-MEN-RT-0439-1
BraTS-MEN-RT-0441-1
BraTS-MEN-RT-0442-1
BraTS-MEN-RT-0443-1
BraTS-MEN-RT-0445-1
BraTS-MEN-RT-0447-1
BraTS-MEN-RT-0448-1
BraTS-MEN-RT-0449-1
BraTS-MEN-RT-0450-1
BraTS-MEN-RT-0451-1
BraTS-MEN-RT-0452-1
BraTS-MEN-RT-0453-1
BraTS-MEN-RT-0454-1
BraTS-MEN-RT-0455-1
BraTS-MEN-RT-0456-1
BraTS-MEN-RT-0457-1
BraTS-MEN-RT-0458-1
BraTS-MEN-RT-0459-1
BraTS-MEN-RT-0460-1
BraTS-MEN-RT-0462-1
BraTS-MEN-RT-0463-1
BraTS-MEN-RT-0465-1
BraTS-MEN-RT-0467-1
BraTS-MEN-RT-0468-1
BraTS-MEN-RT-0469-1
BraTS-MEN-RT-0470-1
BraTS-MEN-RT-0471-1
BraTS-MEN-RT-0473-1
BraTS-MEN-RT-0475-1
BraTS-MEN-RT-0478-1
BraTS-MEN-RT-0479-1
BraTS-MEN-RT-0481-1
BraTS-MEN-RT-0482-1
BraTS-MEN-RT-0483-1
BraTS-MEN-RT-0484-1
BraTS-MEN-RT-0485-1
BraTS-MEN-RT-0488-1
BraTS-MEN-RT-0489-1
BraTS-MEN-RT-0490-1
BraTS-MEN-RT-0491-1
BraTS-MEN-RT-0493-1
BraTS-MEN-RT-0497-1
BraTS-MEN-RT-0498-1
BraTS-MEN-RT-0500-1
BraTS-MEN-RT-0503-1
BraTS-MEN-RT-0505-1
BraTS-MEN-RT-0506-1
BraTS-MEN-RT-0507-1
BraTS-MEN-RT-0508-1
BraTS-MEN-RT-0509-1
BraTS-MEN-RT-0510-1
BraTS-MEN-RT-0513-1
BraTS-MEN-RT-0516-1
BraTS-MEN-RT-0517-1
BraTS-MEN-RT-0520-1
BraTS-MEN-RT-0522-1
BraTS-MEN-RT-0524-1
BraTS-MEN-RT-0526-1
BraTS-MEN-RT-0531-1
BraTS-MEN-RT-0533-1
BraTS-MEN-RT-0534-1
BraTS-MEN-RT-0536-1
BraTS-MEN-RT-0537-1
BraTS-MEN-RT-0542-1
BraTS-MEN-RT-0543-1
BraTS-MEN-RT-0544-1
BraTS-MEN-RT-0545-1
BraTS-MEN-RT-0546-1
BraTS-MEN-RT-0547-1
BraTS-MEN-RT-0548-1
BraTS-MEN-RT-0549-1
BraTS-MEN-RT-0550-1
BraTS-MEN-RT-0551-1
BraTS-MEN-RT-0554-1
BraTS-MEN-RT-0555-1
BraTS-MEN-RT-0557-1
BraTS-MEN-RT-0558-1
BraTS-MEN-RT-0559-1
BraTS-MEN-RT-0560-1
BraTS-MEN-RT-0561-1
BraTS-MEN-RT-0562-1
BraTS-MEN-RT-0564-1
BraTS-MEN-RT-0565-1
BraTS-MEN-RT-0566-1
BraTS-MEN-RT-0567-1
BraTS-MEN-RT-0569-1
BraTS-MEN-RT-0570-1
BraTS-MEN-RT-0573-1
BraTS-MEN-RT-0574-1
BraTS-MEN-RT-0578-1
BraTS-MEN-RT-0579-1
BraTS-MEN-RT-0580-1
BraTS-MEN-RT-0582-1
BraTS-MEN-RT-0583-1
BraTS-MEN-RT-0584-1
BraTS-MEN-RT-0586-1
BraTS-MEN-RT-0587-1
BraTS-MEN-RT-0588-1
BraTS-MEN-RT-0589-1
BraTS-MEN-RT-0591-1
BraTS-MEN-RT-0593-1
BraTS-MEN-RT-0596-1
BraTS-MEN-RT-0598-1
BraTS-MEN-RT-0599-1
BraTS-MEN-RT-0600-1
BraTS-MEN-RT-0601-1
BraTS-MEN-RT-0603-1
BraTS-MEN-RT-0605-1
BraTS-MEN-RT-0607-1
BraTS-MEN-RT-0608-1
BraTS-MEN-RT-0609-1
BraTS-MEN-RT-0611-1
BraTS-MEN-RT-0612-1
BraTS-MEN-RT-0614-1
BraTS-MEN-RT-0615-1
BraTS-MEN-RT-0616-1
BraTS-MEN-RT-0617-1
BraTS-MEN-RT-0618-1
BraTS-MEN-RT-0619-1
BraTS-MEN-RT-0620-1
BraTS-MEN-RT-0623-1
BraTS-MEN-RT-0625-1
