BraTS-MEN-RT-0028-1
BraTS-MEN-RT-0090-1
BraTS-MEN-RT-0100-1
BraTS-MEN-RT-0135-1
BraTS-MEN-RT-0152-1
BraTS-MEN-RT-0170-1
BraTS-MEN-RT-0172-1
BraTS-MEN-RT-0186-1
BraTS-MEN-RT-0187-1
BraTS-MEN-RT-0194-1
BraTS-MEN-RT-0195-1
BraTS-MEN-RT-0231-1
BraTS-MEN-RT-0242-1
BraTS-MEN-RT-0245-1
BraTS-MEN-RT-0254-1
BraTS-MEN-RT-0261-1
BraTS-MEN-RT-0267-1
BraTS-MEN-RT-0291-1
BraTS-MEN-RT-0296-1
BraTS-MEN-RT-0334-1
BraTS-MEN-RT-0337-1
BraTS-MEN-RT-0343-1
BraTS-MEN-RT-0348-1
BraTS-MEN-RT-0364-1
BraTS-MEN-RT-0376-1
BraTS-MEN-RT-0396-1
BraTS-MEN-RT-0404-1
BraTS-MEN-RT-0417-1
BraTS-MEN-RT-0428-1
BraTS-MEN-RT-0435-1
BraTS-MEN-RT-0440-1
BraTS-MEN-RT-0444-1
BraTS-MEN-RT-0464-1
BraTS-MEN-RT-0476-1
BraTS-MEN-RT-0486-1
BraTS-MEN-RT-0495-1
BraTS-MEN-RT-0519-1
BraTS-MEN-RT-0525-1
BraTS-MEN-RT-0528-1
BraTS-MEN-RT-0532-1
BraTS-MEN-RT-0539-1
BraTS-MEN-RT-0553-1
BraTS-MEN-RT-0572-1
BraTS-MEN-RT-0594-1
BraTS-MEN-RT-0621-1
